Archive member included to satisfy reference by file (symbol)

/home/mouli/ti/TivaWare_C_Series-2.1.4.178/driverlib/gcc/libdriver.a(sysctl.o)
                              ./drivers/rgb.o (SysCtlClockGet)
/home/mouli/ti/TivaWare_C_Series-2.1.4.178/driverlib/gcc/libdriver.a(cpu.o)
                              /home/mouli/ti/TivaWare_C_Series-2.1.4.178/driverlib/gcc/libdriver.a(sysctl.o) (CPUwfi)
/home/mouli/ti/TivaWare_C_Series-2.1.4.178/driverlib/gcc/libdriver.a(interrupt.o)
                              /home/mouli/ti/TivaWare_C_Series-2.1.4.178/driverlib/gcc/libdriver.a(sysctl.o) (IntRegister)
/home/mouli/ti/ccsv7/tools/compiler/gcc-arm-none-eabi-6-2017-q1-update/bin/../lib/gcc/arm-none-eabi/6.3.1/thumb/v7e-m/fpv4-sp/hard/libgcc.a(_fixunssfdi.o)
                              ./drivers/rgb.o (__aeabi_f2ulz)
/home/mouli/ti/ccsv7/tools/compiler/gcc-arm-none-eabi-6-2017-q1-update/bin/../lib/gcc/arm-none-eabi/6.3.1/thumb/v7e-m/fpv4-sp/hard/libgcc.a(_arm_addsubdf3.o)
                              /home/mouli/ti/ccsv7/tools/compiler/gcc-arm-none-eabi-6-2017-q1-update/bin/../lib/gcc/arm-none-eabi/6.3.1/thumb/v7e-m/fpv4-sp/hard/libgcc.a(_fixunssfdi.o) (__aeabi_dsub)
/home/mouli/ti/ccsv7/tools/compiler/gcc-arm-none-eabi-6-2017-q1-update/bin/../lib/gcc/arm-none-eabi/6.3.1/thumb/v7e-m/fpv4-sp/hard/libgcc.a(_arm_muldivdf3.o)
                              /home/mouli/ti/ccsv7/tools/compiler/gcc-arm-none-eabi-6-2017-q1-update/bin/../lib/gcc/arm-none-eabi/6.3.1/thumb/v7e-m/fpv4-sp/hard/libgcc.a(_fixunssfdi.o) (__aeabi_dmul)
/home/mouli/ti/ccsv7/tools/compiler/gcc-arm-none-eabi-6-2017-q1-update/bin/../lib/gcc/arm-none-eabi/6.3.1/thumb/v7e-m/fpv4-sp/hard/libgcc.a(_arm_fixunsdfsi.o)
                              /home/mouli/ti/ccsv7/tools/compiler/gcc-arm-none-eabi-6-2017-q1-update/bin/../lib/gcc/arm-none-eabi/6.3.1/thumb/v7e-m/fpv4-sp/hard/libgcc.a(_fixunssfdi.o) (__aeabi_d2uiz)
/home/mouli/ti/ccsv7/tools/compiler/gcc-arm-none-eabi-6-2017-q1-update/bin/../lib/gcc/arm-none-eabi/6.3.1/../../../../arm-none-eabi/lib/thumb/v7e-m/fpv4-sp/hard/libg.a(lib_a-exit.o)
                              /home/mouli/ti/ccsv7/tools/compiler/gcc-arm-none-eabi-6-2017-q1-update/bin/../lib/gcc/arm-none-eabi/6.3.1/../../../../arm-none-eabi/lib/thumb/v7e-m/fpv4-sp/hard/crt0.o (exit)
/home/mouli/ti/ccsv7/tools/compiler/gcc-arm-none-eabi-6-2017-q1-update/bin/../lib/gcc/arm-none-eabi/6.3.1/../../../../arm-none-eabi/lib/thumb/v7e-m/fpv4-sp/hard/libg.a(lib_a-impure.o)
                              /home/mouli/ti/ccsv7/tools/compiler/gcc-arm-none-eabi-6-2017-q1-update/bin/../lib/gcc/arm-none-eabi/6.3.1/../../../../arm-none-eabi/lib/thumb/v7e-m/fpv4-sp/hard/libg.a(lib_a-exit.o) (_global_impure_ptr)
/home/mouli/ti/ccsv7/tools/compiler/gcc-arm-none-eabi-6-2017-q1-update/bin/../lib/gcc/arm-none-eabi/6.3.1/../../../../arm-none-eabi/lib/thumb/v7e-m/fpv4-sp/hard/libg.a(lib_a-init.o)
                              /home/mouli/ti/ccsv7/tools/compiler/gcc-arm-none-eabi-6-2017-q1-update/bin/../lib/gcc/arm-none-eabi/6.3.1/../../../../arm-none-eabi/lib/thumb/v7e-m/fpv4-sp/hard/crt0.o (__libc_init_array)
/home/mouli/ti/ccsv7/tools/compiler/gcc-arm-none-eabi-6-2017-q1-update/bin/../lib/gcc/arm-none-eabi/6.3.1/../../../../arm-none-eabi/lib/thumb/v7e-m/fpv4-sp/hard/libg.a(lib_a-memcpy.o)
                              ./FreeRTOS/queue.o (memcpy)
/home/mouli/ti/ccsv7/tools/compiler/gcc-arm-none-eabi-6-2017-q1-update/bin/../lib/gcc/arm-none-eabi/6.3.1/../../../../arm-none-eabi/lib/thumb/v7e-m/fpv4-sp/hard/libg.a(lib_a-memset.o)
                              /home/mouli/ti/ccsv7/tools/compiler/gcc-arm-none-eabi-6-2017-q1-update/bin/../lib/gcc/arm-none-eabi/6.3.1/../../../../arm-none-eabi/lib/thumb/v7e-m/fpv4-sp/hard/crt0.o (memset)
/home/mouli/ti/ccsv7/tools/compiler/gcc-arm-none-eabi-6-2017-q1-update/bin/../lib/gcc/arm-none-eabi/6.3.1/../../../../arm-none-eabi/lib/thumb/v7e-m/fpv4-sp/hard/libg.a(lib_a-__call_atexit.o)
                              /home/mouli/ti/ccsv7/tools/compiler/gcc-arm-none-eabi-6-2017-q1-update/bin/../lib/gcc/arm-none-eabi/6.3.1/../../../../arm-none-eabi/lib/thumb/v7e-m/fpv4-sp/hard/libg.a(lib_a-exit.o) (__call_exitprocs)
/home/mouli/ti/ccsv7/tools/compiler/gcc-arm-none-eabi-6-2017-q1-update/bin/../lib/gcc/arm-none-eabi/6.3.1/../../../../arm-none-eabi/lib/thumb/v7e-m/fpv4-sp/hard/libg.a(lib_a-atexit.o)
                              /home/mouli/ti/ccsv7/tools/compiler/gcc-arm-none-eabi-6-2017-q1-update/bin/../lib/gcc/arm-none-eabi/6.3.1/../../../../arm-none-eabi/lib/thumb/v7e-m/fpv4-sp/hard/libg.a(lib_a-__call_atexit.o) (atexit)
/home/mouli/ti/ccsv7/tools/compiler/gcc-arm-none-eabi-6-2017-q1-update/bin/../lib/gcc/arm-none-eabi/6.3.1/../../../../arm-none-eabi/lib/thumb/v7e-m/fpv4-sp/hard/libg.a(lib_a-fini.o)
                              /home/mouli/ti/ccsv7/tools/compiler/gcc-arm-none-eabi-6-2017-q1-update/bin/../lib/gcc/arm-none-eabi/6.3.1/../../../../arm-none-eabi/lib/thumb/v7e-m/fpv4-sp/hard/libg.a(lib_a-__call_atexit.o) (__libc_fini_array)
[...]
Memory Configuration

Name             Origin             Length             Attributes
FLASH            0x0000000000000000 0x0000000000040000 xr
SRAM             0x0000000020000000 0x0000000000008000 xw
*default*        0x0000000000000000 0xffffffffffffffff

Linker script and memory map

LOAD /home/mouli/ti/ccsv7/tools/compiler/gcc-arm-none-eabi-6-2017-q1-update/bin/../lib/gcc/arm-none-eabi/6.3.1/thumb/v7e-m/fpv4-sp/hard/crti.o
LOAD /home/mouli/ti/ccsv7/tools/compiler/gcc-arm-none-eabi-6-2017-q1-update/bin/../lib/gcc/arm-none-eabi/6.3.1/thumb/v7e-m/fpv4-sp/hard/crtbegin.o
LOAD /home/mouli/ti/ccsv7/tools/compiler/gcc-arm-none-eabi-6-2017-q1-update/bin/../lib/gcc/arm-none-eabi/6.3.1/../../../../arm-none-eabi/lib/thumb/v7e-m/fpv4-sp/hard/crt0.o
LOAD ./freertos_demo.o
LOAD ./led_task.o
LOAD ./sensor_pwm.o
LOAD ./tm4c123gh6pm_startup_ccs_gcc.o
LOAD ./uartstdio.o
LOAD ./ultrasonic2.o
LOAD ./FreeRTOS/croutine.o
LOAD ./FreeRTOS/event_groups.o
LOAD ./FreeRTOS/list.o
LOAD ./FreeRTOS/queue.o
LOAD ./FreeRTOS/tasks.o
LOAD ./FreeRTOS/timers.o
LOAD ./FreeRTOS/portable/GCC/ARM_CM4F/port.o
LOAD ./FreeRTOS/portable/MemMang/heap_2.o
LOAD ./drivers/buttons.o
LOAD ./drivers/rgb.o
                0x0000000000000000                PROVIDE (_intvecs_base_address, 0x0)

.intvecs        0x0000000000000000      0x26c
 *(.intvecs)
 .intvecs       0x0000000000000000      0x26c ./tm4c123gh6pm_startup_ccs_gcc.o
                0x0000000000000000                g_pfnVectors
                0x0000000020000000                PROVIDE (_vtable_base_address, 0x20000000)

.vtable
 *(.vtable)

.text           0x0000000000000270     0x1bc4
 CREATE_OBJECT_SYMBOLS
 *(.text)
 .text          0x0000000000000270       0x6c /home/mouli/ti/ccsv7/tools/compiler/gcc-arm-none-eabi-6-2017-q1-update/bin/../lib/gcc/arm-none-eabi/6.3.1/thumb/v7e-m/fpv4-sp/hard/crtbegin.o
 .text          0x00000000000002dc      0x134 /home/mouli/ti/ccsv7/tools/compiler/gcc-arm-none-eabi-6-2017-q1-update/bin/../lib/gcc/arm-none-eabi/6.3.1/../../../../arm-none-eabi/lib/thumb/v7e-m/fpv4-sp/hard/libg.a(lib_a-memcpy.o)
                0x00000000000002dc                memcpy
 *(.text.*)
 .text.vApplicationStackOverflowHook
                0x0000000000000410        0x2 ./freertos_demo.o
                0x0000000000000410                vApplicationStackOverflowHook
 *fill*         0x0000000000000412        0x2 
 .text.startup.main
                0x0000000000000414       0x2c ./freertos_demo.o
                0x0000000000000414                main
 .text.GPIOPortA_Init
                0x0000000000000440       0x7c ./sensor_pwm.o
                0x0000000000000440                GPIOPortA_Init
 .text.GPIOPortB_Init
                0x00000000000004bc       0x40 ./sensor_pwm.o
                0x00000000000004bc                GPIOPortB_Init
 .text.GPIOPortA_Handler
                0x00000000000004fc       0x30 ./sensor_pwm.o
                0x00000000000004fc                GPIOPortA_Handler
 .text.timer0A_delayMs
                0x000000000000052c       0x94 ./sensor_pwm.o
                0x000000000000052c                timer0A_delayMs
 .text.EnableInterrupts
                0x00000000000005c0        0x4 ./sensor_pwm.o
                0x00000000000005c0                EnableInterrupts
 .text.WaitForInterrupt
                0x00000000000005c4        0x4 ./sensor_pwm.o
                0x00000000000005c4                WaitForInterrupt
 .text.sensorpwm
                0x00000000000005c8       0x2a ./sensor_pwm.o
                0x00000000000005c8                sensorpwm
 *fill*         0x00000000000005f2        0x2 
 .text.SENSORInit
                0x00000000000005f4       0x3c ./sensor_pwm.o
                0x00000000000005f4                SENSORInit
 .text.NmiSR    0x0000000000000630        0x2 ./tm4c123gh6pm_startup_ccs_gcc.o
 .text.FaultISR
                0x0000000000000632        0x2 ./tm4c123gh6pm_startup_ccs_gcc.o
 .text.IntDefaultHandler
                0x0000000000000634        0x2 ./tm4c123gh6pm_startup_ccs_gcc.o
 *fill*         0x0000000000000636        0x2 
 .text.ResetISR
                0x0000000000000638       0x4c ./tm4c123gh6pm_startup_ccs_gcc.o
                0x0000000000000638                ResetISR
 .text.GPIOPortD_Init
                0x0000000000000684       0x34 ./ultrasonic2.o
                0x0000000000000684                GPIOPortD_Init
 .text.GPIO_PORTF_Init
                0x00000000000006b8       0xa0 ./ultrasonic2.o
                0x00000000000006b8                GPIO_PORTF_Init
 .text.timer1A_Init
                0x0000000000000758       0x5c ./ultrasonic2.o
                0x0000000000000758                timer1A_Init
 .text.timer2A_Init
                0x00000000000007b4       0x5c ./ultrasonic2.o
                0x00000000000007b4                timer2A_Init
 .text.timer_Enable
                0x0000000000000810       0x10 ./ultrasonic2.o
                0x0000000000000810                timer_Enable
 .text.Timer1A_Handler
                0x0000000000000820       0x18 ./ultrasonic2.o
                0x0000000000000820                Timer1A_Handler
 .text.Timer2A_Handler
                0x0000000000000838       0x48 ./ultrasonic2.o
                0x0000000000000838                Timer2A_Handler
 .text.timer4_Init
                0x0000000000000880       0x30 ./ultrasonic2.o
                0x0000000000000880                timer4_Init
 .text.task1    0x00000000000008b0       0x50 ./ultrasonic2.o
                0x00000000000008b0                task1
 .text.GPIOPortF_Handler
                0x0000000000000900       0x74 ./ultrasonic2.o
                0x0000000000000900                GPIOPortF_Handler
 .text.ULTRASONIC2Init
                0x0000000000000974       0x3c ./ultrasonic2.o
                0x0000000000000974                ULTRASONIC2Init
 .text.vListInitialise
                0x00000000000009b0       0x16 ./FreeRTOS/list.o
                0x00000000000009b0                vListInitialise
 .text.vListInitialiseItem
                0x00000000000009c6        0x6 ./FreeRTOS/list.o
                0x00000000000009c6                vListInitialiseItem
 .text.vListInsertEnd
                0x00000000000009cc       0x18 ./FreeRTOS/list.o
                0x00000000000009cc                vListInsertEnd
 .text.vListInsert
                0x00000000000009e4       0x2e ./FreeRTOS/list.o
                0x00000000000009e4                vListInsert
 .text.uxListRemove
                0x0000000000000a12       0x20 ./FreeRTOS/list.o
                0x0000000000000a12                uxListRemove
 .text.prvCopyDataToQueue
                0x0000000000000a32       0x66 ./FreeRTOS/queue.o
 .text.prvCopyDataFromQueue
                0x0000000000000a98       0x2a ./FreeRTOS/queue.o
 .text.prvUnlockQueue
                0x0000000000000ac2       0x70 ./FreeRTOS/queue.o
 *fill*         0x0000000000000b32        0x2 
 .text.xQueueGenericReset
                0x0000000000000b34       0x6c ./FreeRTOS/queue.o
                0x0000000000000b34                xQueueGenericReset
 .text.xQueueGenericCreate
                0x0000000000000ba0       0x34 ./FreeRTOS/queue.o
                0x0000000000000ba0                xQueueGenericCreate
 .text.xQueueGenericSend
                0x0000000000000bd4       0xf4 ./FreeRTOS/queue.o
                0x0000000000000bd4                xQueueGenericSend
 .text.xQueueGenericSendFromISR
                0x0000000000000cc8       0x68 ./FreeRTOS/queue.o
                0x0000000000000cc8                xQueueGenericSendFromISR
 .text.xQueueGenericReceive
                0x0000000000000d30      0x134 ./FreeRTOS/queue.o
                0x0000000000000d30                xQueueGenericReceive
 .text.vQueueAddToRegistry
                0x0000000000000e64       0x24 ./FreeRTOS/queue.o
                0x0000000000000e64                vQueueAddToRegistry
 .text.vQueueWaitForMessageRestricted
                0x0000000000000e88       0x46 ./FreeRTOS/queue.o
                0x0000000000000e88                vQueueWaitForMessageRestricted
 *fill*         0x0000000000000ece        0x2 
 .text.prvResetNextTaskUnblockTime
                0x0000000000000ed0       0x24 ./FreeRTOS/tasks.o
 .text.prvAddCurrentTaskToDelayedList
                0x0000000000000ef4       0x74 ./FreeRTOS/tasks.o
 .text.xTaskCreate
                0x0000000000000f68      0x1b8 ./FreeRTOS/tasks.o
                0x0000000000000f68                xTaskCreate
 .text.vTaskStartScheduler
                0x0000000000001120       0x68 ./FreeRTOS/tasks.o
                0x0000000000001120                vTaskStartScheduler
 .text.vTaskSuspendAll
                0x0000000000001188       0x10 ./FreeRTOS/tasks.o
                0x0000000000001188                vTaskSuspendAll
 .text.xTaskGetTickCount
                0x0000000000001198        0xc ./FreeRTOS/tasks.o
                0x0000000000001198                xTaskGetTickCount
 .text.xTaskIncrementTick
                0x00000000000011a4       0xe8 ./FreeRTOS/tasks.o
                0x00000000000011a4                xTaskIncrementTick
 .text.xTaskResumeAll
                0x000000000000128c       0xd0 ./FreeRTOS/tasks.o
                0x000000000000128c                xTaskResumeAll
 .text.vTaskDelayUntil
                0x000000000000135c       0x58 ./FreeRTOS/tasks.o
                0x000000000000135c                vTaskDelayUntil
 .text.prvIdleTask
                0x00000000000013b4       0x54 ./FreeRTOS/tasks.o
 .text.vTaskSwitchContext
                0x0000000000001408       0x90 ./FreeRTOS/tasks.o
                0x0000000000001408                vTaskSwitchContext
 .text.vTaskPlaceOnEventList
                0x0000000000001498       0x20 ./FreeRTOS/tasks.o
                0x0000000000001498                vTaskPlaceOnEventList
 .text.vTaskPlaceOnEventListRestricted
                0x00000000000014b8       0x28 ./FreeRTOS/tasks.o
                0x00000000000014b8                vTaskPlaceOnEventListRestricted
 .text.xTaskRemoveFromEventList
                0x00000000000014e0       0x6c ./FreeRTOS/tasks.o
                0x00000000000014e0                xTaskRemoveFromEventList
 .text.vTaskSetTimeOutState
                0x000000000000154c       0x18 ./FreeRTOS/tasks.o
                0x000000000000154c                vTaskSetTimeOutState
 .text.xTaskCheckForTimeOut
                0x0000000000001564       0x4c ./FreeRTOS/tasks.o
                0x0000000000001564                xTaskCheckForTimeOut
 .text.vTaskMissedYield
                0x00000000000015b0        0xc ./FreeRTOS/tasks.o
                0x00000000000015b0                vTaskMissedYield
 .text.xTaskGetSchedulerState
                0x00000000000015bc       0x20 ./FreeRTOS/tasks.o
                0x00000000000015bc                xTaskGetSchedulerState
 .text.vTaskPriorityInherit
                0x00000000000015dc       0x70 ./FreeRTOS/tasks.o
                0x00000000000015dc                vTaskPriorityInherit
 .text.xTaskPriorityDisinherit
                0x000000000000164c       0x54 ./FreeRTOS/tasks.o
                0x000000000000164c                xTaskPriorityDisinherit
 .text.pvTaskIncrementMutexHeldCount
                0x00000000000016a0       0x18 ./FreeRTOS/tasks.o
                0x00000000000016a0                pvTaskIncrementMutexHeldCount
 .text.prvCheckForValidListAndQueue
                0x00000000000016b8       0x58 ./FreeRTOS/timers.o
 .text.prvInsertTimerInActiveList
                0x0000000000001710       0x3c ./FreeRTOS/timers.o
 .text.xTimerCreateTimerTask
                0x000000000000174c       0x38 ./FreeRTOS/timers.o
                0x000000000000174c                xTimerCreateTimerTask
 .text.xTimerGenericCommand
                0x0000000000001784       0x44 ./FreeRTOS/timers.o
                0x0000000000001784                xTimerGenericCommand
 .text.prvSwitchTimerLists
                0x00000000000017c8       0x68 ./FreeRTOS/timers.o
 .text.prvTimerTask
                0x0000000000001830      0x188 ./FreeRTOS/timers.o
 .text.prvTaskExitError
                0x00000000000019b8       0x12 ./FreeRTOS/portable/GCC/ARM_CM4F/port.o
 *fill*         0x00000000000019ca        0x2 
 .text.prvPortStartFirstTask
                0x00000000000019cc       0x20 ./FreeRTOS/portable/GCC/ARM_CM4F/port.o
 .text.vPortEnableVFP
                0x00000000000019ec       0x14 ./FreeRTOS/portable/GCC/ARM_CM4F/port.o
 .text.pxPortInitialiseStack
                0x0000000000001a00       0x2c ./FreeRTOS/portable/GCC/ARM_CM4F/port.o
                0x0000000000001a00                pxPortInitialiseStack
 *fill*         0x0000000000001a2c        0x4 
 .text.vPortSVCHandler
                0x0000000000001a30       0x24 ./FreeRTOS/portable/GCC/ARM_CM4F/port.o
                0x0000000000001a30                vPortSVCHandler
 .text.vPortEnterCritical
                0x0000000000001a54       0x20 ./FreeRTOS/portable/GCC/ARM_CM4F/port.o
                0x0000000000001a54                vPortEnterCritical
 .text.vPortExitCritical
                0x0000000000001a74       0x14 ./FreeRTOS/portable/GCC/ARM_CM4F/port.o
                0x0000000000001a74                vPortExitCritical
 *fill*         0x0000000000001a88        0x8 
 .text.xPortPendSVHandler
                0x0000000000001a90       0x64 ./FreeRTOS/portable/GCC/ARM_CM4F/port.o
                0x0000000000001a90                xPortPendSVHandler
 .text.xPortSysTickHandler
                0x0000000000001af4       0x2c ./FreeRTOS/portable/GCC/ARM_CM4F/port.o
                0x0000000000001af4                xPortSysTickHandler
 .text.vPortSetupTimerInterrupt
                0x0000000000001b20       0x14 ./FreeRTOS/portable/GCC/ARM_CM4F/port.o
                0x0000000000001b20                vPortSetupTimerInterrupt
 .text.xPortStartScheduler
                0x0000000000001b34       0x40 ./FreeRTOS/portable/GCC/ARM_CM4F/port.o
                0x0000000000001b34                xPortStartScheduler
 .text.pvPortMalloc
                0x0000000000001b74       0xb4 ./FreeRTOS/portable/MemMang/heap_2.o
                0x0000000000001b74                pvPortMalloc
 .text.vPortFree
                0x0000000000001c28       0x40 ./FreeRTOS/portable/MemMang/heap_2.o
                0x0000000000001c28                vPortFree
 .text.memset   0x0000000000001c68       0x9c /home/mouli/ti/ccsv7/tools/compiler/gcc-arm-none-eabi-6-2017-q1-update/bin/../lib/gcc/arm-none-eabi/6.3.1/../../../../arm-none-eabi/lib/thumb/v7e-m/fpv4-sp/hard/libg.a(lib_a-memset.o)
                0x0000000000001c68                memset
 .text.startup.register_fini
                0x0000000000001d04       0x14 /home/mouli/ti/ccsv7/tools/compiler/gcc-arm-none-eabi-6-2017-q1-update/bin/../lib/gcc/arm-none-eabi/6.3.1/../../../../arm-none-eabi/lib/thumb/v7e-m/fpv4-sp/hard/libg.a(lib_a-__call_atexit.o)
 .text.atexit   0x0000000000001d18        0xc /home/mouli/ti/ccsv7/tools/compiler/gcc-arm-none-eabi-6-2017-q1-update/bin/../lib/gcc/arm-none-eabi/6.3.1/../../../../arm-none-eabi/lib/thumb/v7e-m/fpv4-sp/hard/libg.a(lib_a-atexit.o)
                0x0000000000001d18                atexit
 .text.__libc_fini_array
                0x0000000000001d24       0x34 /home/mouli/ti/ccsv7/tools/compiler/gcc-arm-none-eabi-6-2017-q1-update/bin/../lib/gcc/arm-none-eabi/6.3.1/../../../../arm-none-eabi/lib/thumb/v7e-m/fpv4-sp/hard/libg.a(lib_a-fini.o)
                0x0000000000001d24                __libc_fini_array
 .text.__retarget_lock_acquire_recursive
                0x0000000000001d58        0x4 /home/mouli/ti/ccsv7/tools/compiler/gcc-arm-none-eabi-6-2017-q1-update/bin/../lib/gcc/arm-none-eabi/6.3.1/../../../../arm-none-eabi/lib/thumb/v7e-m/fpv4-sp/hard/libg.a(lib_a-lock.o)
                0x0000000000001d58                __retarget_lock_acquire_recursive
 .text.__retarget_lock_release_recursive
                0x0000000000001d5c        0x4 /home/mouli/ti/ccsv7/tools/compiler/gcc-arm-none-eabi-6-2017-q1-update/bin/../lib/gcc/arm-none-eabi/6.3.1/../../../../arm-none-eabi/lib/thumb/v7e-m/fpv4-sp/hard/libg.a(lib_a-lock.o)
                0x0000000000001d5c                __retarget_lock_release_recursive
 .text.__register_exitproc
                0x0000000000001d60       0xc4 /home/mouli/ti/ccsv7/tools/compiler/gcc-arm-none-eabi-6-2017-q1-update/bin/../lib/gcc/arm-none-eabi/6.3.1/../../../../arm-none-eabi/lib/thumb/v7e-m/fpv4-sp/hard/libg.a(lib_a-__atexit.o)
                0x0000000000001d60                __register_exitproc
                0x0000000000001e24                . = ALIGN (0x4)
 *(.ctors)
                0x0000000000001e24                . = ALIGN (0x4)
 *(.dtors)
                0x0000000000001e24                . = ALIGN (0x4)
                0x0000000000001e24                __init_array_start = .
 *(.init_array*)
 .init_array    0x0000000000001e24        0x4 /home/mouli/ti/ccsv7/tools/compiler/gcc-arm-none-eabi-6-2017-q1-update/bin/../lib/gcc/arm-none-eabi/6.3.1/thumb/v7e-m/fpv4-sp/hard/crtbegin.o
 .init_array.00000
                0x0000000000001e28        0x4 /home/mouli/ti/ccsv7/tools/compiler/gcc-arm-none-eabi-6-2017-q1-update/bin/../lib/gcc/arm-none-eabi/6.3.1/../../../../arm-none-eabi/lib/thumb/v7e-m/fpv4-sp/hard/libg.a(lib_a-__call_atexit.o)
                0x0000000000001e2c                __init_array_end = .
 *(.init)
 .init          0x0000000000001e2c        0x4 /home/mouli/ti/ccsv7/tools/compiler/gcc-arm-none-eabi-6-2017-q1-update/bin/../lib/gcc/arm-none-eabi/6.3.1/thumb/v7e-m/fpv4-sp/hard/crti.o
                0x0000000000001e2c                _init
 *(.fini*)
 .fini          0x0000000000001e30        0x4 /home/mouli/ti/ccsv7/tools/compiler/gcc-arm-none-eabi-6-2017-q1-update/bin/../lib/gcc/arm-none-eabi/6.3.1/thumb/v7e-m/fpv4-sp/hard/crti.o
                0x0000000000001e30                _fini
                [!provide]                        PROVIDE (__etext, .)
                [!provide]                        PROVIDE (_etext, .)
                [!provide]                        PROVIDE (etext, .)

.glue_7         0x0000000000001e34        0x0
 .glue_7        0x0000000000001e34        0x0 linker stubs

.glue_7t        0x0000000000001e34        0x0
 .glue_7t       0x0000000000001e34        0x0 linker stubs

.vfp11_veneer   0x0000000000001e34        0x0
 .vfp11_veneer  0x0000000000001e34        0x0 linker stubs

.v4_bx          0x0000000000001e34        0x0
 .v4_bx         0x0000000000001e34        0x0 linker stubs

.iplt           0x0000000000001e34        0x0
 .iplt          0x0000000000001e34        0x0 /home/mouli/ti/ccsv7/tools/compiler/gcc-arm-none-eabi-6-2017-q1-update/bin/../lib/gcc/arm-none-eabi/6.3.1/thumb/v7e-m/fpv4-sp/hard/crtbegin.o

.rodata         0x0000000000001e34       0x24
 *(.rodata)
 *(.rodata*)
 .rodata.SENSORInit.str1.1
                0x0000000000001e34        0x7 ./sensor_pwm.o
 .rodata.ULTRASONIC2Init.str1.1
                0x0000000000001e3b        0x7 ./ultrasonic2.o
 .rodata.vTaskStartScheduler.str1.1
                0x0000000000001e42        0x5 ./FreeRTOS/tasks.o
 .rodata.prvCheckForValidListAndQueue.str1.1
                0x0000000000001e47        0x5 ./FreeRTOS/timers.o
 .rodata.xTimerCreateTimerTask.str1.1
                0x0000000000001e4c        0x8 ./FreeRTOS/timers.o
 .rodata._global_impure_ptr
                0x0000000000001e54        0x4 /home/mouli/ti/ccsv7/tools/compiler/gcc-arm-none-eabi-6-2017-q1-update/bin/../lib/gcc/arm-none-eabi/6.3.1/../../../../arm-none-eabi/lib/thumb/v7e-m/fpv4-sp/hard/libg.a(lib_a-impure.o)
                0x0000000000001e54                _global_impure_ptr

.eh_frame       0x0000000000001e58        0x0
 .eh_frame      0x0000000000001e58        0x0 /home/mouli/ti/ccsv7/tools/compiler/gcc-arm-none-eabi-6-2017-q1-update/bin/../lib/gcc/arm-none-eabi/6.3.1/thumb/v7e-m/fpv4-sp/hard/crtbegin.o

.rel.dyn        0x0000000000001e58        0x0
 .rel.iplt      0x0000000000001e58        0x0 /home/mouli/ti/ccsv7/tools/compiler/gcc-arm-none-eabi-6-2017-q1-update/bin/../lib/gcc/arm-none-eabi/6.3.1/thumb/v7e-m/fpv4-sp/hard/crtbegin.o

.data           0x0000000020000000      0x434 load address 0x0000000000001e58
                0x0000000000001e58                __data_load__ = LOADADDR (.data)
                0x0000000020000000                __data_start__ = .
 *(.data)
 *(.data*)
 .data.uxCriticalNesting
                0x0000000020000000        0x4 ./FreeRTOS/portable/GCC/ARM_CM4F/port.o
 .data.xFreeBytesRemaining
                0x0000000020000004        0x4 ./FreeRTOS/portable/MemMang/heap_2.o
 .data.impure_data
                0x0000000020000008      0x428 /home/mouli/ti/ccsv7/tools/compiler/gcc-arm-none-eabi-6-2017-q1-update/bin/../lib/gcc/arm-none-eabi/6.3.1/../../../../arm-none-eabi/lib/thumb/v7e-m/fpv4-sp/hard/libg.a(lib_a-impure.o)
 .data.__atexit_recursive_mutex
                0x0000000020000430        0x4 /home/mouli/ti/ccsv7/tools/compiler/gcc-arm-none-eabi-6-2017-q1-update/bin/../lib/gcc/arm-none-eabi/6.3.1/../../../../arm-none-eabi/lib/thumb/v7e-m/fpv4-sp/hard/libg.a(lib_a-__call_atexit.o)
                0x0000000020000430                __atexit_recursive_mutex
                0x0000000020000434                . = ALIGN (0x4)
                0x0000000020000434                __data_end__ = .

.jcr            0x0000000020000434        0x0 load address 0x000000000000228c
 .jcr           0x0000000020000434        0x0 /home/mouli/ti/ccsv7/tools/compiler/gcc-arm-none-eabi-6-2017-q1-update/bin/../lib/gcc/arm-none-eabi/6.3.1/thumb/v7e-m/fpv4-sp/hard/crtbegin.o

.igot.plt       0x0000000020000434        0x0 load address 0x000000000000228c
 .igot.plt      0x0000000020000434        0x0 /home/mouli/ti/ccsv7/tools/compiler/gcc-arm-none-eabi-6-2017-q1-update/bin/../lib/gcc/arm-none-eabi/6.3.1/thumb/v7e-m/fpv4-sp/hard/crtbegin.o

.ARM.exidx      0x000000000000228c        0x0
                0x000000000000228c                __exidx_start = .
 *(.ARM.exidx* .gnu.linkonce.armexidx.*)
                0x000000000000228c                __exidx_end = .

.ARM.extab
 *(.ARM.extab* .gnu.linkonce.armextab.*)

.bss            0x0000000020000434     0x2b28
                0x0000000020000434                __bss_start__ = .
 *(.shbss)
 *(.bss)
 .bss           0x0000000020000434       0x1c /home/mouli/ti/ccsv7/tools/compiler/gcc-arm-none-eabi-6-2017-q1-update/bin/../lib/gcc/arm-none-eabi/6.3.1/thumb/v7e-m/fpv4-sp/hard/crtbegin.o
 *(.bss.*)
 .bss.count     0x0000000020000450        0x4 ./sensor_pwm.o
                0x0000000020000450                count
 .bss.pui32Stack
                0x0000000020000454      0x200 ./tm4c123gh6pm_startup_ccs_gcc.o
 .bss.count1    0x0000000020000654        0x4 ./ultrasonic2.o
                0x0000000020000654                count1
 .bss.pxCurrentTCB
                0x0000000020000658        0x4 ./FreeRTOS/tasks.o
                0x0000000020000658                pxCurrentTCB
 .bss.pxDelayedTaskList
                0x000000002000065c        0x4 ./FreeRTOS/tasks.o
 .bss.pxOverflowDelayedTaskList
                0x0000000020000660        0x4 ./FreeRTOS/tasks.o
 .bss.pxReadyTasksLists
                0x0000000020000664       0xa0 ./FreeRTOS/tasks.o
 .bss.uxCurrentNumberOfTasks
                0x0000000020000704        0x4 ./FreeRTOS/tasks.o
 .bss.uxDeletedTasksWaitingCleanUp
                0x0000000020000708        0x4 ./FreeRTOS/tasks.o
 .bss.uxPendedTicks
                0x000000002000070c        0x4 ./FreeRTOS/tasks.o
 .bss.uxSchedulerSuspended
                0x0000000020000710        0x4 ./FreeRTOS/tasks.o
 .bss.uxTaskNumber
                0x0000000020000714        0x4 ./FreeRTOS/tasks.o
 .bss.uxTopReadyPriority
                0x0000000020000718        0x4 ./FreeRTOS/tasks.o
 .bss.xDelayedTaskList1
                0x000000002000071c       0x14 ./FreeRTOS/tasks.o
 .bss.xDelayedTaskList2
                0x0000000020000730       0x14 ./FreeRTOS/tasks.o
 .bss.xIdleTaskHandle
                0x0000000020000744        0x4 ./FreeRTOS/tasks.o
 .bss.xNextTaskUnblockTime
                0x0000000020000748        0x4 ./FreeRTOS/tasks.o
 .bss.xNumOfOverflows
                0x000000002000074c        0x4 ./FreeRTOS/tasks.o
 .bss.xPendingReadyList
                0x0000000020000750       0x14 ./FreeRTOS/tasks.o
 .bss.xSchedulerRunning
                0x0000000020000764        0x4 ./FreeRTOS/tasks.o
 .bss.xSuspendedTaskList
                0x0000000020000768       0x14 ./FreeRTOS/tasks.o
 .bss.xTasksWaitingTermination
                0x000000002000077c       0x14 ./FreeRTOS/tasks.o
 .bss.xTickCount
                0x0000000020000790        0x4 ./FreeRTOS/tasks.o
 .bss.xYieldPending
                0x0000000020000794        0x4 ./FreeRTOS/tasks.o
 .bss.pxCurrentTimerList
                0x0000000020000798        0x4 ./FreeRTOS/timers.o
 .bss.pxOverflowTimerList
                0x000000002000079c        0x4 ./FreeRTOS/timers.o
 .bss.xActiveTimerList1
                0x00000000200007a0       0x14 ./FreeRTOS/timers.o
 .bss.xActiveTimerList2
                0x00000000200007b4       0x14 ./FreeRTOS/timers.o
 .bss.xLastTime.6252
                0x00000000200007c8        0x4 ./FreeRTOS/timers.o
 .bss.xTimerQueue
                0x00000000200007cc        0x4 ./FreeRTOS/timers.o
 .bss.xTimerTaskHandle
                0x00000000200007d0        0x4 ./FreeRTOS/timers.o
 .bss.ucHeap    0x00000000200007d4     0x2710 ./FreeRTOS/portable/MemMang/heap_2.o
 .bss.xEnd      0x0000000020002ee4        0x8 ./FreeRTOS/portable/MemMang/heap_2.o
 .bss.xHeapHasBeenInitialised.5979
                0x0000000020002eec        0x4 ./FreeRTOS/portable/MemMang/heap_2.o
 .bss.xStart    0x0000000020002ef0        0x8 ./FreeRTOS/portable/MemMang/heap_2.o
 *(COMMON)
 COMMON         0x0000000020002ef8        0x4 ./sensor_pwm.o
                0x0000000020002ef8                g_pSENSORQueue
 COMMON         0x0000000020002efc       0x14 ./ultrasonic2.o
                0x0000000020002efc                g_pULTRA2Queue
                0x0000000020002f00                startTick
                0x0000000020002f04                time
                0x0000000020002f08                endTick
                0x0000000020002f0c                deltaTick
 COMMON         0x0000000020002f10       0x28 ./FreeRTOS/queue.o
                0x0000000020002f10                xQueueRegistry
 COMMON         0x0000000020002f38       0x21 /home/mouli/ti/ccsv7/tools/compiler/gcc-arm-none-eabi-6-2017-q1-update/bin/../lib/gcc/arm-none-eabi/6.3.1/../../../../arm-none-eabi/lib/thumb/v7e-m/fpv4-sp/hard/libg.a(lib_a-lock.o)
                0x0000000020002f38                __lock___atexit_recursive_mutex
                0x0000000020002f3c                __lock___arc4random_mutex
                0x0000000020002f40                __lock___env_recursive_mutex
                0x0000000020002f44                __lock___sinit_recursive_mutex
                0x0000000020002f48                __lock___malloc_recursive_mutex
                0x0000000020002f4c                __lock___at_quick_exit_mutex
                0x0000000020002f50                __lock___dd_hash_mutex
                0x0000000020002f54                __lock___tz_mutex
                0x0000000020002f58                __lock___sfp_recursive_mutex
                0x0000000020002f5c                . = ALIGN (0x4)
 *fill*         0x0000000020002f59        0x3 
                0x0000000020002f5c                __bss_end__ = .

.heap           0x0000000020002f5c        0x0
                0x0000000020002f5c                __heap_start__ = .
                0x0000000020002f5c                end = __heap_start__
                0x0000000020002f5c                _end = end
                0x0000000020002f5c                __end = end
 *(.heap)
                0x0000000020002f5c                __heap_end__ = .
                0x0000000020002f5c                __HeapLimit = __heap_end__

.stack          0x0000000020002f60        0x0
                0x0000000020002f60                _stack = .
                0x0000000020002f60                __stack = .
 *(.stack)
LOAD /home/mouli/ti/TivaWare_C_Series-2.1.4.178/driverlib/gcc/libdriver.a
START GROUP
LOAD /home/mouli/ti/ccsv7/tools/compiler/gcc-arm-none-eabi-6-2017-q1-update/bin/../lib/gcc/arm-none-eabi/6.3.1/thumb/v7e-m/fpv4-sp/hard/libgcc.a
LOAD /home/mouli/ti/ccsv7/tools/compiler/gcc-arm-none-eabi-6-2017-q1-update/bin/../lib/gcc/arm-none-eabi/6.3.1/../../../../arm-none-eabi/lib/thumb/v7e-m/fpv4-sp/hard/libg.a
LOAD /home/mouli/ti/ccsv7/tools/compiler/gcc-arm-none-eabi-6-2017-q1-update/bin/../lib/gcc/arm-none-eabi/6.3.1/../../../../arm-none-eabi/lib/thumb/v7e-m/fpv4-sp/hard/libc.a
END GROUP
START GROUP
LOAD /home/mouli/ti/ccsv7/tools/compiler/gcc-arm-none-eabi-6-2017-q1-update/bin/../lib/gcc/arm-none-eabi/6.3.1/thumb/v7e-m/fpv4-sp/hard/libgcc.a
LOAD /home/mouli/ti/ccsv7/tools/compiler/gcc-arm-none-eabi-6-2017-q1-update/bin/../lib/gcc/arm-none-eabi/6.3.1/../../../../arm-none-eabi/lib/thumb/v7e-m/fpv4-sp/hard/libc.a
LOAD /home/mouli/ti/ccsv7/tools/compiler/gcc-arm-none-eabi-6-2017-q1-update/bin/../lib/gcc/arm-none-eabi/6.3.1/../../../../arm-none-eabi/lib/thumb/v7e-m/fpv4-sp/hard/libnosys.a
END GROUP
LOAD /home/mouli/ti/ccsv7/tools/compiler/gcc-arm-none-eabi-6-2017-q1-update/bin/../lib/gcc/arm-none-eabi/6.3.1/thumb/v7e-m/fpv4-sp/hard/crtend.o
LOAD /home/mouli/ti/ccsv7/tools/compiler/gcc-arm-none-eabi-6-2017-q1-update/bin/../lib/gcc/arm-none-eabi/6.3.1/thumb/v7e-m/fpv4-sp/hard/crtn.o
OUTPUT(freertos_on_tm4c123.out elf32-littlearm)

.ARM.attributes
                0x0000000000000000       0x30
 .ARM.attributes
                0x0000000000000000       0x22 /home/mouli/ti/ccsv7/tools/compiler/gcc-arm-none-eabi-6-2017-q1-update/bin/../lib/gcc/arm-none-eabi/6.3.1/thumb/v7e-m/fpv4-sp/hard/crti.o
 .ARM.attributes
                0x0000000000000022       0x34 /home/mouli/ti/ccsv7/tools/compiler/gcc-arm-none-eabi-6-2017-q1-update/bin/../lib/gcc/arm-none-eabi/6.3.1/thumb/v7e-m/fpv4-sp/hard/crtbegin.o
 .ARM.attributes
                0x0000000000000056       0x39 ./freertos_demo.o
 .ARM.attributes
                0x000000000000008f       0x39 ./sensor_pwm.o
 .ARM.attributes
                0x00000000000000c8       0x39 ./tm4c123gh6pm_startup_ccs_gcc.o
 .ARM.attributes
                0x0000000000000101       0x39 ./ultrasonic2.o
 .ARM.attributes
                0x000000000000013a       0x39 ./FreeRTOS/list.o
 .ARM.attributes
                0x0000000000000173       0x39 ./FreeRTOS/queue.o
 .ARM.attributes
                0x00000000000001ac       0x39 ./FreeRTOS/tasks.o
 .ARM.attributes
                0x00000000000001e5       0x39 ./FreeRTOS/timers.o
 .ARM.attributes
                0x000000000000021e       0x39 ./FreeRTOS/portable/GCC/ARM_CM4F/port.o
 .ARM.attributes
                0x0000000000000257       0x39 ./FreeRTOS/portable/MemMang/heap_2.o
 .ARM.attributes
                0x0000000000000290       0x34 /home/mouli/ti/ccsv7/tools/compiler/gcc-arm-none-eabi-6-2017-q1-update/bin/../lib/gcc/arm-none-eabi/6.3.1/../../../../arm-none-eabi/lib/thumb/v7e-m/fpv4-sp/hard/libg.a(lib_a-impure.o)
 .ARM.attributes
                0x00000000000002c4       0x20 /home/mouli/ti/ccsv7/tools/compiler/gcc-arm-none-eabi-6-2017-q1-update/bin/../lib/gcc/arm-none-eabi/6.3.1/../../../../arm-none-eabi/lib/thumb/v7e-m/fpv4-sp/hard/libg.a(lib_a-memcpy.o)
 .ARM.attributes
                0x00000000000002e4       0x34 /home/mouli/ti/ccsv7/tools/compiler/gcc-arm-none-eabi-6-2017-q1-update/bin/../lib/gcc/arm-none-eabi/6.3.1/../../../../arm-none-eabi/lib/thumb/v7e-m/fpv4-sp/hard/libg.a(lib_a-memset.o)
 .ARM.attributes
                0x0000000000000318       0x34 /home/mouli/ti/ccsv7/tools/compiler/gcc-arm-none-eabi-6-2017-q1-update/bin/../lib/gcc/arm-none-eabi/6.3.1/../../../../arm-none-eabi/lib/thumb/v7e-m/fpv4-sp/hard/libg.a(lib_a-__call_atexit.o)
 .ARM.attributes
                0x000000000000034c       0x34 /home/mouli/ti/ccsv7/tools/compiler/gcc-arm-none-eabi-6-2017-q1-update/bin/../lib/gcc/arm-none-eabi/6.3.1/../../../../arm-none-eabi/lib/thumb/v7e-m/fpv4-sp/hard/libg.a(lib_a-atexit.o)
 .ARM.attributes
                0x0000000000000380       0x34 /home/mouli/ti/ccsv7/tools/compiler/gcc-arm-none-eabi-6-2017-q1-update/bin/../lib/gcc/arm-none-eabi/6.3.1/../../../../arm-none-eabi/lib/thumb/v7e-m/fpv4-sp/hard/libg.a(lib_a-fini.o)
 .ARM.attributes
                0x00000000000003b4       0x34 /home/mouli/ti/ccsv7/tools/compiler/gcc-arm-none-eabi-6-2017-q1-update/bin/../lib/gcc/arm-none-eabi/6.3.1/../../../../arm-none-eabi/lib/thumb/v7e-m/fpv4-sp/hard/libg.a(lib_a-lock.o)
 .ARM.attributes
                0x00000000000003e8       0x34 /home/mouli/ti/ccsv7/tools/compiler/gcc-arm-none-eabi-6-2017-q1-update/bin/../lib/gcc/arm-none-eabi/6.3.1/../../../../arm-none-eabi/lib/thumb/v7e-m/fpv4-sp/hard/libg.a(lib_a-__atexit.o)

.comment        0x0000000000000000       0x7f
 .comment       0x0000000000000000       0x7f ./freertos_demo.o
                                         0x80 (size before relaxing)
 .comment       0x000000000000007f       0x80 ./sensor_pwm.o
 .comment       0x000000000000007f       0x80 ./tm4c123gh6pm_startup_ccs_gcc.o
 .comment       0x000000000000007f       0x80 ./ultrasonic2.o
 .comment       0x000000000000007f       0x80 ./FreeRTOS/list.o
 .comment       0x000000000000007f       0x80 ./FreeRTOS/queue.o
 .comment       0x000000000000007f       0x80 ./FreeRTOS/tasks.o
 .comment       0x000000000000007f       0x80 ./FreeRTOS/timers.o
 .comment       0x000000000000007f       0x80 ./FreeRTOS/portable/GCC/ARM_CM4F/port.o
 .comment       0x000000000000007f       0x80 ./FreeRTOS/portable/MemMang/heap_2.o

.debug_info     0x0000000000000000     0x7f34
 .debug_info    0x0000000000000000      0x11a ./freertos_demo.o
 .debug_info    0x000000000000011a      0x9e5 ./sensor_pwm.o
 .debug_info    0x0000000000000aff      0x193 ./tm4c123gh6pm_startup_ccs_gcc.o
 .debug_info    0x0000000000000c92      0xa5c ./ultrasonic2.o
 .debug_info    0x00000000000016ee      0xaca ./FreeRTOS/list.o
 .debug_info    0x00000000000021b8     0x186d ./FreeRTOS/queue.o
 .debug_info    0x0000000000003a25     0x2410 ./FreeRTOS/tasks.o
 .debug_info    0x0000000000005e35     0x12f2 ./FreeRTOS/timers.o
 .debug_info    0x0000000000007127      0x2ea ./FreeRTOS/portable/GCC/ARM_CM4F/port.o
 .debug_info    0x0000000000007411      0xb23 ./FreeRTOS/portable/MemMang/heap_2.o

.debug_abbrev   0x0000000000000000     0x155b
 .debug_abbrev  0x0000000000000000       0x95 ./freertos_demo.o
 .debug_abbrev  0x0000000000000095      0x1fd ./sensor_pwm.o
 .debug_abbrev  0x0000000000000292       0xd7 ./tm4c123gh6pm_startup_ccs_gcc.o
 .debug_abbrev  0x0000000000000369      0x1ec ./ultrasonic2.o
 .debug_abbrev  0x0000000000000555      0x1ff ./FreeRTOS/list.o
 .debug_abbrev  0x0000000000000754      0x30c ./FreeRTOS/queue.o
 .debug_abbrev  0x0000000000000a60      0x3f1 ./FreeRTOS/tasks.o
 .debug_abbrev  0x0000000000000e51      0x2eb ./FreeRTOS/timers.o
 .debug_abbrev  0x000000000000113c      0x179 ./FreeRTOS/portable/GCC/ARM_CM4F/port.o
 .debug_abbrev  0x00000000000012b5      0x2a6 ./FreeRTOS/portable/MemMang/heap_2.o

.debug_aranges  0x0000000000000000      0x558
 .debug_aranges
                0x0000000000000000       0x28 ./freertos_demo.o
 .debug_aranges
                0x0000000000000028       0x60 ./sensor_pwm.o
 .debug_aranges
                0x0000000000000088       0x38 ./tm4c123gh6pm_startup_ccs_gcc.o
 .debug_aranges
                0x00000000000000c0       0x70 ./ultrasonic2.o
 .debug_aranges
                0x0000000000000130       0x40 ./FreeRTOS/list.o
 .debug_aranges
                0x0000000000000170       0xf8 ./FreeRTOS/queue.o
 .debug_aranges
                0x0000000000000268      0x1b8 ./FreeRTOS/tasks.o
 .debug_aranges
                0x0000000000000420       0x88 ./FreeRTOS/timers.o
 .debug_aranges
                0x00000000000004a8       0x78 ./FreeRTOS/portable/GCC/ARM_CM4F/port.o
 .debug_aranges
                0x0000000000000520       0x38 ./FreeRTOS/portable/MemMang/heap_2.o

.debug_ranges   0x0000000000000000      0x728
 .debug_ranges  0x0000000000000000       0x18 ./freertos_demo.o
 .debug_ranges  0x0000000000000018       0x50 ./sensor_pwm.o
 .debug_ranges  0x0000000000000068       0x28 ./tm4c123gh6pm_startup_ccs_gcc.o
 .debug_ranges  0x0000000000000090       0x60 ./ultrasonic2.o
 .debug_ranges  0x00000000000000f0       0x30 ./FreeRTOS/list.o
 .debug_ranges  0x0000000000000120      0x1c8 ./FreeRTOS/queue.o
 .debug_ranges  0x00000000000002e8      0x298 ./FreeRTOS/tasks.o
 .debug_ranges  0x0000000000000580       0xe8 ./FreeRTOS/timers.o
 .debug_ranges  0x0000000000000668       0x68 ./FreeRTOS/portable/GCC/ARM_CM4F/port.o
 .debug_ranges  0x00000000000006d0       0x58 ./FreeRTOS/portable/MemMang/heap_2.o

.debug_line     0x0000000000000000     0x2786
 .debug_line    0x0000000000000000      0x1a2 ./freertos_demo.o
 .debug_line    0x00000000000001a2      0x330 ./sensor_pwm.o
 .debug_line    0x00000000000004d2      0x174 ./tm4c123gh6pm_startup_ccs_gcc.o
 .debug_line    0x0000000000000646      0x36a ./ultrasonic2.o
 .debug_line    0x00000000000009b0      0x2db ./FreeRTOS/list.o
 .debug_line    0x0000000000000c8b      0x6b4 ./FreeRTOS/queue.o
 .debug_line    0x000000000000133f      0xa5c ./FreeRTOS/tasks.o
 .debug_line    0x0000000000001d9b      0x45a ./FreeRTOS/timers.o
 .debug_line    0x00000000000021f5      0x2ee ./FreeRTOS/portable/GCC/ARM_CM4F/port.o
 .debug_line    0x00000000000024e3      0x2a3 ./FreeRTOS/portable/MemMang/heap_2.o

.debug_str      0x0000000000000000     0x222d
 .debug_str     0x0000000000000000      0x21a ./freertos_demo.o
                                        0x25c (size before relaxing)
 .debug_str     0x000000000000021a      0x4a6 ./sensor_pwm.o
                                        0x6c2 (size before relaxing)
 .debug_str     0x00000000000006c0       0xbb ./tm4c123gh6pm_startup_ccs_gcc.o
                                        0x28c (size before relaxing)
 .debug_str     0x000000000000077b       0xe2 ./ultrasonic2.o
                                        0x6f6 (size before relaxing)
 .debug_str     0x000000000000085d      0x130 ./FreeRTOS/list.o
                                        0x704 (size before relaxing)
 .debug_str     0x000000000000098d      0x5b8 ./FreeRTOS/queue.o
                                        0xc85 (size before relaxing)
 .debug_str     0x0000000000000f45      0xc4b ./FreeRTOS/tasks.o
                                       0x1423 (size before relaxing)
 .debug_str     0x0000000000001b90      0x423 ./FreeRTOS/timers.o
                                        0xb31 (size before relaxing)
 .debug_str     0x0000000000001fb3      0x129 ./FreeRTOS/portable/GCC/ARM_CM4F/port.o
                                        0x394 (size before relaxing)
 .debug_str     0x00000000000020dc      0x151 ./FreeRTOS/portable/MemMang/heap_2.o
                                        0x74f (size before relaxing)

.debug_frame    0x0000000000000000      0xfb8
 .debug_frame   0x0000000000000000       0x38 ./freertos_demo.o
 .debug_frame   0x0000000000000038       0xb8 ./sensor_pwm.o
 .debug_frame   0x00000000000000f0       0x50 ./tm4c123gh6pm_startup_ccs_gcc.o
 .debug_frame   0x0000000000000140       0xd4 ./ultrasonic2.o
 .debug_frame   0x0000000000000214       0x6c ./FreeRTOS/list.o
 .debug_frame   0x0000000000000280      0x300 ./FreeRTOS/queue.o
 .debug_frame   0x0000000000000580      0x58c ./FreeRTOS/tasks.o
 .debug_frame   0x0000000000000b0c      0x190 ./FreeRTOS/timers.o
 .debug_frame   0x0000000000000c9c       0xe0 ./FreeRTOS/portable/GCC/ARM_CM4F/port.o
 .debug_frame   0x0000000000000d7c       0x74 ./FreeRTOS/portable/MemMang/heap_2.o
 .debug_frame   0x0000000000000df0       0x34 /home/mouli/ti/ccsv7/tools/compiler/gcc-arm-none-eabi-6-2017-q1-update/bin/../lib/gcc/arm-none-eabi/6.3.1/../../../../arm-none-eabi/lib/thumb/v7e-m/fpv4-sp/hard/libg.a(lib_a-memset.o)
 .debug_frame   0x0000000000000e24       0x5c /home/mouli/ti/ccsv7/tools/compiler/gcc-arm-none-eabi-6-2017-q1-update/bin/../lib/gcc/arm-none-eabi/6.3.1/../../../../arm-none-eabi/lib/thumb/v7e-m/fpv4-sp/hard/libg.a(lib_a-__call_atexit.o)
 .debug_frame   0x0000000000000e80       0x20 /home/mouli/ti/ccsv7/tools/compiler/gcc-arm-none-eabi-6-2017-q1-update/bin/../lib/gcc/arm-none-eabi/6.3.1/../../../../arm-none-eabi/lib/thumb/v7e-m/fpv4-sp/hard/libg.a(lib_a-atexit.o)
 .debug_frame   0x0000000000000ea0       0x34 /home/mouli/ti/ccsv7/tools/compiler/gcc-arm-none-eabi-6-2017-q1-update/bin/../lib/gcc/arm-none-eabi/6.3.1/../../../../arm-none-eabi/lib/thumb/v7e-m/fpv4-sp/hard/libg.a(lib_a-fini.o)
 .debug_frame   0x0000000000000ed4       0xb0 /home/mouli/ti/ccsv7/tools/compiler/gcc-arm-none-eabi-6-2017-q1-update/bin/../lib/gcc/arm-none-eabi/6.3.1/../../../../arm-none-eabi/lib/thumb/v7e-m/fpv4-sp/hard/libg.a(lib_a-lock.o)
 .debug_frame   0x0000000000000f84       0x34 /home/mouli/ti/ccsv7/tools/compiler/gcc-arm-none-eabi-6-2017-q1-update/bin/../lib/gcc/arm-none-eabi/6.3.1/../../../../arm-none-eabi/lib/thumb/v7e-m/fpv4-sp/hard/libg.a(lib_a-__atexit.o)

.debug_loc      0x0000000000000000     0x22ef
 .debug_loc     0x0000000000000000       0x1e ./tm4c123gh6pm_startup_ccs_gcc.o
 .debug_loc     0x000000000000001e       0x86 ./FreeRTOS/list.o
 .debug_loc     0x00000000000000a4      0xb0f ./FreeRTOS/queue.o
 .debug_loc     0x0000000000000bb3     0x1069 ./FreeRTOS/tasks.o
 .debug_loc     0x0000000000001c1c      0x4be ./FreeRTOS/timers.o
 .debug_loc     0x00000000000020da       0x31 ./FreeRTOS/portable/GCC/ARM_CM4F/port.o
 .debug_loc     0x000000000000210b      0x1e4 ./FreeRTOS/portable/MemMang/heap_2.o
